
SQL*Plus: Release 9.2.0.6.0 - Production on Wed Dec 21 10:52:50 2005

Copyright (c) 1982, 2002, Oracle Corporation.  All rights reserved.


Connected to:
Oracle9i Enterprise Edition Release 9.2.0.6.0 - Production
With the Partitioning, OLAP and Oracle Data Mining options
JServer Release 9.2.0.6.0 - Production

SQL> drop user ISV6 cascade
          *
ERROR at line 1:
ORA-01918: user 'ISV6' does not exist


SQL> drop user isv61 cascade
          *
ERROR at line 1:
ORA-01918: user 'ISV61' does not exist


SQL> drop user isv62 cascade
          *
ERROR at line 1:
ORA-01918: user 'ISV62' does not exist


SQL> drop user isv63 cascade
          *
ERROR at line 1:
ORA-01918: user 'ISV63' does not exist


SQL> drop user isv64 cascade
          *
ERROR at line 1:
ORA-01918: user 'ISV64' does not exist


SQL> drop user isv65 cascade
          *
ERROR at line 1:
ORA-01918: user 'ISV65' does not exist


SQL> drop user isv66 cascade
          *
ERROR at line 1:
ORA-01918: user 'ISV66' does not exist


SQL> drop user isv67 cascade
          *
ERROR at line 1:
ORA-01918: user 'ISV67' does not exist


SQL> drop user isv68 cascade
          *
ERROR at line 1:
ORA-01918: user 'ISV68' does not exist


SQL> drop user isv69 cascade
          *
ERROR at line 1:
ORA-01918: user 'ISV69' does not exist


SQL> drop user isv610 cascade
          *
ERROR at line 1:
ORA-01918: user 'ISV610' does not exist


SQL> drop user isv611 cascade
          *
ERROR at line 1:
ORA-01918: user 'ISV611' does not exist


SQL> drop user isv612 cascade
          *
ERROR at line 1:
ORA-01918: user 'ISV612' does not exist


SQL> drop user isv613 cascade
          *
ERROR at line 1:
ORA-01918: user 'ISV613' does not exist


SQL> drop user isv614 cascade
          *
ERROR at line 1:
ORA-01918: user 'ISV614' does not exist


SQL> drop user isv615 cascade
          *
ERROR at line 1:
ORA-01918: user 'ISV615' does not exist


SQL> drop user isv616 cascade
          *
ERROR at line 1:
ORA-01918: user 'ISV616' does not exist


SQL> drop user isv617 cascade
          *
ERROR at line 1:
ORA-01918: user 'ISV617' does not exist


SQL> drop user isv618 cascade
          *
ERROR at line 1:
ORA-01918: user 'ISV618' does not exist


SQL> SQL> SQL> Disconnected from Oracle9i Enterprise Edition Release 9.2.0.6.0 - Production
With the Partitioning, OLAP and Oracle Data Mining options
JServer Release 9.2.0.6.0 - Production
